 n_rep  depth  unbalanced  signal method  raw_fpr05  raw_fpr001  tp  fp      fdp   recall  average_precision  median_phi
     3     20       False   False     eb   0.037580    0.002700   0  39 1.000000      NaN                NaN    2.670875
     3     20       False   False   site   0.038120    0.000070   0   0 0.000000      NaN                NaN    1.002894
     3     20       False   False  bb_eb   0.009410    0.000000   0   0 0.000000      NaN                NaN    1.883299
     3     20       False    True     eb   0.037431    0.002394   4  10 0.714286 0.004036           0.074134    2.731230
     3     20       False    True   site   0.039249    0.000030   0   0 0.000000 0.000000           0.071852    1.026419
     3     20       False    True  bb_eb   0.008817    0.000000   0   0 0.000000 0.000000           0.094781    1.939244
     5     20       False   False     eb   0.039800    0.002210   0  12 1.000000      NaN                NaN    2.474147
     5     20       False   False   site   0.058800    0.003030   0   0 0.000000      NaN                NaN    1.258318
     5     20       False   False  bb_eb   0.030700    0.000050   0   0 0.000000      NaN                NaN    1.768380
     5     20       False    True     eb   0.040133    0.002194  21  25 0.543478 0.019039           0.193319    2.464198
     5     20       False    True   site   0.058465    0.002973   0   0 0.000000 0.000000           0.168388    1.263912
     5     20       False    True  bb_eb   0.031710    0.000071   0   0 0.000000 0.000000           0.298620    1.766726
     5     20        True   False     eb   0.065860    0.005040   0 140 1.000000      NaN                NaN    2.264443
     5     20        True   False   site   0.076610    0.004030   0   0 0.000000      NaN                NaN    1.125384
     5     20        True   False  bb_eb   0.036140    0.000130   0   0 0.000000      NaN                NaN    2.109144
     5     20        True    True     eb   0.065937    0.005238  52 210 0.801527 0.047144           0.117584    2.262769
     5     20        True    True   site   0.076929    0.004156   0   0 0.000000 0.000000           0.120416    1.123794
     5     20        True    True  bb_eb   0.035906    0.000152   0   0 0.000000 0.000000           0.193523    2.114709
     5     60        True   False     eb   0.071110    0.005550   0 224 1.000000      NaN                NaN    3.834514
     5     60        True   False   site   0.105090    0.011520   0 783 1.000000      NaN                NaN    1.739735
     5     60        True   False  bb_eb   0.037670    0.000120   0   0 0.000000      NaN                NaN    3.851959
     5     60        True    True     eb   0.071729    0.005848  99 273 0.733871 0.100101           0.185583    3.781886
     5     60        True    True   site   0.107291    0.011241 267 873 0.765789 0.269970           0.159092    1.736661
     5     60        True    True  bb_eb   0.038400    0.000131   0   0 0.000000 0.000000           0.336540    3.824358
    10     20        True   False     eb   0.064820    0.003770   0  51 1.000000      NaN                NaN    2.026713
    10     20        True   False   site   0.088220    0.007320   0 291 1.000000      NaN                NaN    1.348137
    10     20        True   False  bb_eb   0.050760    0.000570   0   0 0.000000      NaN                NaN    1.972957
    10     20        True    True     eb   0.066511    0.004213 280 179 0.389978 0.277502           0.388708    2.027580
    10     20        True    True   site   0.089089    0.007880 377 506 0.573046 0.373637           0.319787    1.351292
    10     20        True    True  bb_eb   0.051277    0.000626 137   2 0.014388 0.135778           0.491466    1.986269
