 nrep  depth  imbalance  signal              method    fpr05   fpr001  tp  fp     fdp       ap
    3     20      False   False                logF 0.017440 0.000080   0   0 0.00000      NaN
    3     20      False   False        floored_logF 0.051150 0.005120   0 134 1.00000      NaN
    3     20      False   False strata_floored_logF 0.037550 0.001760   0   2 1.00000      NaN
    3     20      False    True                logF 0.018160 0.000111   0   0 0.00000 0.104450
    3     20      False    True        floored_logF 0.051278 0.005131   5 124 0.96124 0.056619
    3     20      False    True strata_floored_logF 0.039249 0.001616   0   0 0.00000 0.058359
    5     20      False   False                logF 0.026970 0.000290   0   0 0.00000      NaN
    5     20      False   False        floored_logF 0.033240 0.000870   0   0 0.00000      NaN
    5     20      False   False strata_floored_logF 0.027070 0.000510   0   0 0.00000      NaN
    5     20      False    True                logF 0.026785 0.000344   0   0 0.00000 0.304202
    5     20      False    True        floored_logF 0.033287 0.000971   0   0 0.00000 0.246270
    5     20      False    True strata_floored_logF 0.027513 0.000657   0   0 0.00000 0.253615
    5     20       True   False                logF 0.017170 0.000100   0   0 0.00000      NaN
    5     20       True   False        floored_logF 0.038900 0.001830   0   0 0.00000      NaN
    5     20       True   False strata_floored_logF 0.026310 0.000730   0   0 0.00000      NaN
    5     20       True    True                logF 0.017341 0.000202   0   0 0.00000 0.148396
    5     20       True    True        floored_logF 0.040355 0.001810   0   0 0.00000 0.089799
    5     20       True    True strata_floored_logF 0.026320 0.000677   0   0 0.00000 0.100664
    5     60       True   False                logF 0.027650 0.000400   0   0 0.00000      NaN
    5     60       True   False        floored_logF 0.030680 0.000830   0   0 0.00000      NaN
    5     60       True   False strata_floored_logF 0.026670 0.000650   0   0 0.00000      NaN
    5     60       True    True                logF 0.027148 0.000424   0   0 0.00000 0.388172
    5     60       True    True        floored_logF 0.030885 0.000717   0   0 0.00000 0.337123
    5     60       True    True strata_floored_logF 0.027138 0.000515   0   0 0.00000 0.338017
   10     20       True   False                logF 0.025490 0.000240   0   0 0.00000      NaN
   10     20       True   False        floored_logF 0.028800 0.000540   0   0 0.00000      NaN
   10     20       True   False strata_floored_logF 0.025660 0.000390   0   0 0.00000      NaN
   10     20       True    True                logF 0.027366 0.000283   0   0 0.00000 0.469567
   10     20       True    True        floored_logF 0.030740 0.000515   0   0 0.00000 0.424978
   10     20       True    True strata_floored_logF 0.027437 0.000434   0   0 0.00000 0.424684
