....F.                                                                   [100%]
=================================== FAILURES ===================================
____ test_default_eb_maps_residual_scale_to_unequal_depth_contrast_variance ____

    def test_default_eb_maps_residual_scale_to_unequal_depth_contrast_variance():
        n = np.array([4,7,13,23,40], dtype=float)
        m1 = np.array([0,0,0,20,40], dtype=float)
        m2 = np.array([1,1,1,3,5], dtype=float)
        def summarize(m):
            return np.array([n.sum()]),np.array([m.sum()]),np.array([(m*m/n).sum()]),np.array([len(n)],dtype=np.int32)
        result = _score_finalize(*summarize(m1),*summarize(m2),dispersion='eb',
                                 sn2_case=np.array([(n*n).sum()]),sn2_ctrl=np.array([(n*n).sum()]))
        # With one site, the unchanged prior fallback is scale=1, weight=4.
        def pearson(m):
            mu=m.sum()/n.sum()
            return np.sum((m-n*mu)**2/(n*mu*(1-mu)))
        residual_scale=(pearson(m1)+pearson(m2)+4)/(8+4)
        # Direct beta-binomial count variance for rho=1, normalized by the
        # binomial contrast variance; subtract one to obtain its rho coefficient.
        contrast_coeff=(2*np.sum(n*(n-1))/n.sum()**2)/(2/n.sum())
        residual_coeff=2*(n.sum()-len(n)-(np.sum(n*n)/n.sum()-1))/8
        expected=1+(residual_scale-1)*contrast_coeff/residual_coeff
>       np.testing.assert_allclose(result[5][0],expected)

tests/test_default_eb_uncertainty.py:78: 
_ _ _ _ _ _ _ _ _ _ _ _ _ _ _ _ _ _ _ _ _ _ _ _ _ _ _ _ _ _ _ _ _ _ _ _ _ _ _ _ 

args = (<function assert_allclose.<locals>.compare at 0x7e5202e51900>, array(6.63952022), array(11.56858627))
kwds = {'equal_nan': True, 'err_msg': '', 'header': 'Not equal to tolerance rtol=1e-07, atol=0', 'verbose': True}

    @wraps(func)
    def inner(*args, **kwds):
        with self._recreate_cm():
>           return func(*args, **kwds)
E           AssertionError: 
E           Not equal to tolerance rtol=1e-07, atol=0
E           
E           Mismatched elements: 1 / 1 (100%)
E           Max absolute difference: 4.92906605
E           Max relative difference: 0.42607333
E            x: array(6.63952)
E            y: array(11.568586)

/usr/lib/python3.10/contextlib.py:79: AssertionError
=========================== short test summary info ============================
FAILED tests/test_default_eb_uncertainty.py::test_default_eb_maps_residual_scale_to_unequal_depth_contrast_variance
1 failed, 5 passed in 0.23s
