tests/test_accuracy.py::test_dmc_lr_power_and_fdr
tests/test_accuracy.py::test_dmc_welch_t_power_and_fdr
tests/test_accuracy.py::test_dmc_fisher_runs_and_is_powerful_but_anti_conservative
tests/test_accuracy.py::test_dmc_lr_meth_diff_bias_small
tests/test_accuracy.py::test_dmc_auto_dispatches_to_lr_at_n_gte_2
tests/test_accuracy.py::test_dmr_tile_recovers_seeded_regions
tests/test_accuracy.py::test_dmr_sliding_window_recovers_seeded_regions
tests/test_accuracy.py::test_dmr_tile_dmr_types_consistent_with_seed_direction
tests/test_accuracy.py::test_dmr_tile_sensitivity_and_fdp
tests/test_accuracy.py::test_dmr_sliding_window_sensitivity_and_fdp
tests/test_accuracy.py::test_dmc_lr_per_group_mean_betas_are_finite_and_in_range
tests/test_annotate_multi.py::test_chrom_name_mismatch_raises
tests/test_annotate_multi.py::test_matching_chrom_names_do_not_raise
tests/test_annotate_multi.py::test_intron_does_not_overextend_into_nested_exon
tests/test_annotate_multi.py::test_equal_priority_overlap_breaks_ties_deterministically
tests/test_annotate_multi.py::test_default_now_includes_multi_columns
tests/test_annotate_multi.py::test_multi_false_opts_out_of_extra_columns
tests/test_annotate_multi.py::test_multi_adds_four_columns_with_correct_dtypes
tests/test_annotate_multi.py::test_nearest_tss_can_differ_from_best_pick
tests/test_annotate_multi.py::test_nearest_tss_minus_strand_sign_flip
tests/test_annotate_multi.py::test_all_overlapping_captures_one_to_many
tests/test_annotate_multi.py::test_no_overlap_site_gets_empty_lists_and_still_finds_nearest
tests/test_annotate_multi.py::test_multi_annotation_reuses_built_features_cache
tests/test_annotate_multi.py::test_gene_type_filter_excludes_lincrna_from_nearest_tss
tests/test_annotate_multi.py::test_gene_type_filter_string_or_list_both_accepted
tests/test_annotate_multi.py::test_gene_type_filter_makes_distinct_cache_entry
tests/test_annotate_multi.py::test_refgene_source_produces_legacy_columns
tests/test_annotate_multi.py::test_refgene_source_supports_multi_annotation
tests/test_annotate_multi.py::test_refgene_gene_type_filter_works
tests/test_annotate_multi.py::test_refgene_and_gtf_caches_dont_collide
tests/test_annotate_multi.py::test_annotation_argument_is_required
tests/test_annotate_multi.py::test_source_auto_detects_gtf
tests/test_annotate_multi.py::test_source_auto_detects_refgene
tests/test_annotate_multi.py::test_source_explicit_override_for_unusual_filename
tests/test_annotate_multi.py::test_source_invalid_value_raises
tests/test_annotate_multi.py::test_default_features_is_full_homer_set
tests/test_annotate_multi.py::test_default_surfaces_utr_tts_noncoding
tests/test_api.py::test_read_bismark_produces_well_formed_methyldata
tests/test_api.py::test_read_bismark_writes_partitioned_parquet_store
tests/test_api.py::test_state_is_raw_before_any_preprocessing
tests/test_api.py::test_state_after_filter_coverage
tests/test_api.py::test_state_after_unite
tests/test_api.py::test_state_persists_through_save_load_round_trip
tests/test_api.py::test_save_load_round_trip_preserves_obs_varm_uns
tests/test_api.py::test_save_load_preserves_neighbour_combine_columns
tests/test_api.py::test_save_load_does_not_persist_boolean_state_in_meta
tests/test_api.py::test_get_dmc_returns_none_before_running_dmc
tests/test_api.py::test_get_dmc_returns_explicit_test_by_name
tests/test_api.py::test_dmc_property_uses_last_key_pointer
tests/test_api.py::test_get_dmc_prefers_annotated_when_available
tests/test_api.py::test_samples_case_kwarg_is_rejected
tests/test_api.py::test_samples_treatment_kwarg_works
tests/test_api.py::test_covariate_dmr_runs_via_design_kwarg
tests/test_api.py::test_get_dmc_with_unknown_test_returns_none
tests/test_api.py::test_version_is_a_pep440_string
tests/test_api.py::test_all_lists_documented_public_surface
tests/test_api.py::test_assign_cpgs_to_regions_handles_nested_and_overlapping
tests/test_api.py::test_aggregate_regions_clears_stale_store
tests/test_api.py::test_aggregate_regions_round_trip
tests/test_api.py::test_methyldata_analysis_root_is_public
tests/test_api.py::test_methyldata_analysis_root_setter_via_legacy_name_warns
tests/test_api.py::test_methyldata_analysis_root_kwarg_constructor
tests/test_api.py::test_demoted_dmc_names_not_in_all
tests/test_api.py::test_demoted_dmc_names_accessible_via_getattr_shim
tests/test_api.py::test_demoted_dmc_names_importable_via_submodule_without_warning
tests/test_api.py::test_aggregate_regions_then_dmc
tests/test_api.py::test_pp_set_unite_type_records_state
tests/test_api.py::test_pp_set_unite_type_rejects_unknown_type
tests/test_api.py::test_pp_unite_is_deprecated_alias
tests/test_beta_binomial_engine.py::test_public_count_engine_runs_and_reports_its_model
tests/test_beta_binomial_engine.py::test_unsupported_requests_are_refused_before_running_an_old_engine[knobs0]
tests/test_beta_binomial_engine.py::test_unsupported_requests_are_refused_before_running_an_old_engine[knobs1]
tests/test_beta_binomial_engine.py::test_unsupported_requests_are_refused_before_running_an_old_engine[knobs2]
tests/test_beta_binomial_engine.py::test_unsupported_requests_are_refused_before_running_an_old_engine[knobs3]
tests/test_beta_binomial_engine.py::test_unsupported_requests_are_refused_before_running_an_old_engine[knobs4]
tests/test_beta_binomial_engine.py::test_unsupported_requests_are_refused_before_running_an_old_engine[knobs5]
tests/test_beta_binomial_engine.py::test_unsupported_requests_are_refused_before_running_an_old_engine[knobs6]
tests/test_beta_binomial_engine.py::test_unsupported_requests_are_refused_before_running_an_old_engine[knobs7]
tests/test_beta_binomial_engine.py::test_profile_interval_setting_invalidates_count_engine_cache
tests/test_beta_binomial_engine.py::test_separate_output_stores_preserve_group_specific_prior_provenance
tests/test_beta_binomial_engine.py::test_read_only_input_store_runs_with_a_writable_output
tests/test_beta_binomial_inference.py::test_subsampled_prior_and_pvalues_are_invariant_to_group_relabeling
tests/test_beta_binomial_inference.py::test_factorized_count_prior_em_matches_direct_likelihood
tests/test_beta_binomial_inference.py::test_profile_dispersion_map_and_f_reference_match_direct_objective
tests/test_beta_binomial_inference.py::test_missing_replicates_mask_inference_and_set_local_reference_df
tests/test_beta_binomial_inference.py::test_difference_profile_interval_inverts_the_same_conditional_lr
tests/test_beta_binomial_inference.py::test_continuous_log_dispersion_shrinkage_matches_numerical_profile_oracle
tests/test_beta_binomial_inference.py::test_log_prior_projection_uses_latent_dispersion_mixture_moments
tests/test_beta_binomial_inference.py::test_high_depth_zero_group_runs_through_shrinkage_and_intervals
tests/test_beta_binomial_inference.py::test_sparse_union_training_samples_eligible_groups_before_subsampling
tests/test_beta_binomial_likelihood.py::test_logpmf_matches_scipy[0.01-0.001]
tests/test_beta_binomial_likelihood.py::test_logpmf_matches_scipy[0.5-0.15]
tests/test_beta_binomial_likelihood.py::test_logpmf_matches_scipy[0.95-0.35]
tests/test_beta_binomial_likelihood.py::test_logpmf_matches_scipy[0.3-1e-07]
tests/test_beta_binomial_likelihood.py::test_binomial_limit_and_point_mass_means
tests/test_beta_binomial_likelihood.py::test_uneven_coverage_mean_is_beta_binomial_mle
tests/test_beta_binomial_likelihood.py::test_true_two_group_lr_matches_independent_fits
tests/test_beta_binomial_likelihood.py::test_zero_coverage_does_not_become_zero_methylation
tests/test_beta_binomial_likelihood.py::test_high_coverage_mean_and_information_match_likelihood_oracle[0.0003]
tests/test_beta_binomial_likelihood.py::test_high_coverage_mean_and_information_match_likelihood_oracle[0.01]
tests/test_beta_binomial_likelihood.py::test_high_coverage_mean_and_information_match_likelihood_oracle[0.35]
tests/test_beta_binomial_likelihood.py::test_high_coverage_endpoint_fits_have_finite_information[m0-0.0]
tests/test_beta_binomial_likelihood.py::test_high_coverage_endpoint_fits_have_finite_information[m1-1.0]
tests/test_beta_binomial_likelihood.py::test_invalid_counts_are_refused[m0-n0]
tests/test_beta_binomial_likelihood.py::test_invalid_counts_are_refused[m1-n1]
tests/test_beta_binomial_likelihood.py::test_invalid_counts_are_refused[m2-n2]
tests/test_beta_binomial_likelihood.py::test_invalid_counts_are_refused[m3-n3]
tests/test_bsmooth.py::test_bsmooth_constant_input_constant_output
tests/test_bsmooth.py::test_bsmooth_linear_ramp_recovered
tests/test_bsmooth.py::test_bsmooth_returns_raw_beta_with_too_few_neighbors
tests/test_bsmooth.py::test_bsmooth_clips_to_unit_interval
tests/test_bsmooth.py::test_bsmooth_high_coverage_dominates
tests/test_bsmooth.py::test_bsmooth_degree_1_works
tests/test_bsmooth.py::test_smooth_methylation_bsmooth_rejects_bad_degree
tests/test_bsmooth.py::test_smooth_methylation_bsmooth_rejects_bad_ns
tests/test_bsmooth.py::test_smooth_methylation_bsmooth_rejects_bad_h_bp
tests/test_bsmooth.py::test_pp_smooth_bsmooth_writes_sidecar
tests/test_bsmooth.py::test_pp_smooth_unknown_method_raises
tests/test_bsmooth.py::test_pp_smooth_default_still_gaussian
tests/test_bsmooth.py::test_bsmooth_module_exposed
tests/test_cache_manifest.py::test_manifest_append_replaces_same_stage_entry
tests/test_cache_manifest.py::test_input_signature_ignores_dict_key_order
tests/test_cache_manifest.py::test_input_signature_tracks_referenced_file_size_and_mtime
tests/test_cache_manifest.py::test_count_store_rows_sums_all_part_files
tests/test_calibration.py::test_uniform_engine_passes_ks_calibration
tests/test_calibration.py::test_conservative_engine_fails_ks_calibration
tests/test_calibration.py::test_summarize_observed_fdr_within_expected_ci
tests/test_canonical_chrom_filter.py::test_ingestion_default_keeps_every_contig
tests/test_canonical_chrom_filter.py::test_ingestion_canonical_only_drops_only_the_scaffold[bismark]
tests/test_canonical_chrom_filter.py::test_ingestion_canonical_only_drops_only_the_scaffold[combined_strand_bed]
tests/test_canonical_chrom_filter.py::test_ingestion_canonical_only_drops_only_the_scaffold[methyldackel]
tests/test_canonical_chrom_filter.py::test_ingestion_false_true_false_rebuilds_the_partition_set
tests/test_canonical_chrom_filter.py::test_direct_conversion_replaces_filtered_partitions[chroms0]
tests/test_canonical_chrom_filter.py::test_direct_conversion_replaces_filtered_partitions[chroms1]
tests/test_canonical_chrom_filter.py::test_failed_direct_conversion_preserves_previous_sample
tests/test_canonical_chrom_filter.py::test_legacy_manifest_without_key_is_reusable_for_false_only
tests/test_canonical_chrom_filter.py::test_canonical_only_is_keyword_only
tests/test_canonical_chrom_filter.py::test_tile_default_keeps_scaffold
tests/test_canonical_chrom_filter.py::test_tile_canonical_only_drops_scaffold_and_logs_once
tests/test_canonical_chrom_filter.py::test_tile_explicit_chromosomes_take_precedence
tests/test_canonical_chrom_filter.py::test_tile_explicit_empty_list_takes_precedence
tests/test_canonical_chrom_filter.py::test_engine_filters_auto_detected_chromosomes_only
tests/test_canonical_chrom_filter.py::test_non_tile_methods_reject_canonical_only[chain_merge]
tests/test_canonical_chrom_filter.py::test_non_tile_methods_reject_canonical_only[sliding_window]
tests/test_canonical_chrom_filter.py::test_non_tile_methods_reject_canonical_only[segment]
tests/test_canonical_chrom_filter.py::test_tile_permutations_use_the_observed_universe
tests/test_canonical_chrom_filter.py::test_dmc_canonical_only_is_keyword_only
tests/test_canonical_chrom_filter.py::test_dmc_default_keeps_scaffold
tests/test_canonical_chrom_filter.py::test_dmc_canonical_only_drops_scaffold_and_logs_once
tests/test_canonical_chrom_filter.py::test_dmc_explicit_chromosomes_take_precedence
tests/test_canonical_chrom_filter.py::test_dmc_explicit_empty_list_takes_precedence
tests/test_canonical_chrom_filter.py::test_dmc_canonical_only_with_no_canonical_contig_is_a_valid_empty_run
tests/test_canonical_chrom_filter.py::test_dmc_contrast_path_honours_canonical_only
tests/test_canonical_chrom_filter.py::test_dmc_engine_filters_auto_detected_chromosomes_only
tests/test_canonical_chrom_filter.py::test_dmc_resume_false_true_false_invalidates_and_identical_call_resumes
tests/test_canonical_chrom_filter.py::test_dmc_permutations_use_the_observed_universe
tests/test_canonical_chrom_filter.py::test_manhattan_order_follows_the_shared_ucsc_list
tests/test_chain_merge_empirical_fdr.py::test_chain_merge_region_mode_significant
tests/test_chain_merge_empirical_fdr.py::test_chain_merge_max_t_is_the_default
tests/test_chain_merge_empirical_fdr.py::test_chain_merge_uses_combined_pvalue_not_pvalue
tests/test_chain_merge_empirical_fdr.py::test_chain_merge_small_n_warns_in_region_mode
tests/test_chain_merge_empirical_fdr.py::test_chain_merge_empty_observed_returns_empty_cols
tests/test_chain_merge_empirical_fdr.py::test_chain_merge_rejects_before_any_permutation[kwargs0-ValueError-fdr_method]
tests/test_chain_merge_empirical_fdr.py::test_chain_merge_rejects_before_any_permutation[kwargs1-ValueError-n_perm]
tests/test_chain_merge_empirical_fdr.py::test_chain_merge_rejects_before_any_permutation[kwargs2-ValueError-chromosomes]
tests/test_chain_merge_empirical_fdr.py::test_chain_merge_rejects_before_any_permutation[kwargs3-NotImplementedError-two-group]
tests/test_chain_merge_empirical_fdr.py::test_chain_merge_rejects_before_any_permutation[kwargs4-ValueError-dmc_kwargs]
tests/test_chain_merge_empirical_fdr.py::test_chain_merge_rejects_before_any_permutation[kwargs5-ValueError-dmc_kwargs]
tests/test_chain_merge_empirical_fdr.py::test_chain_merge_rejects_before_any_permutation[kwargs6-ValueError-dmc_fdr_method]
tests/test_chain_merge_empirical_fdr.py::test_perm_engine_replays_knobs_correction_and_filter
tests/test_chain_merge_empirical_fdr.py::test_perm_engine_failure_and_empty_are_distinct
tests/test_chain_merge_empirical_fdr.py::test_tl_dmr_forwards_observed_knobs_universe_correction_and_filters
tests/test_chain_merge_empirical_fdr.py::test_tl_dmr_records_no_permutation_keys_without_empirical_fdr
tests/test_chain_merge_empirical_fdr.py::test_tl_dmr_matching_chromosome_restriction_is_accepted
tests/test_chain_merge_empirical_fdr.py::test_tl_dmr_strata_column_restricts_shuffles
tests/test_chain_merge_empirical_fdr.py::test_tl_dmr_rejects_unsupported_dmc_before_any_permutation[<lambda>-NotImplementedError-glm]
tests/test_chain_merge_empirical_fdr.py::test_tl_dmr_rejects_unsupported_dmc_before_any_permutation[<lambda>-NotImplementedError-formula]
tests/test_chain_merge_empirical_fdr.py::test_tl_dmr_rejects_unsupported_dmc_before_any_permutation[<lambda>-NotImplementedError-use_smoothed]
tests/test_chain_merge_empirical_fdr.py::test_tl_dmr_rejects_unsupported_dmc_before_any_permutation[<lambda>-ValueError-dispersion]
tests/test_chain_merge_empirical_fdr.py::test_tl_dmr_rejects_unsupported_dmc_before_any_permutation[<lambda>-ValueError-Run ep.tl.dmc]
tests/test_chain_merge_empirical_fdr.py::test_tl_dmr_rejects_missing_or_partial_strata_before_any_permutation
tests/test_chain_merge_empirical_fdr.py::test_tl_dmr_rejects_chromosome_restriction_outside_universe
tests/test_chain_merge_empirical_fdr.py::test_tl_dmr_tile_missing_strata_raises_before_any_permutation
tests/test_chain_merge_empirical_fdr.py::test_chain_merge_empirical_fdr_end_to_end_is_reproducible
tests/test_chain_merge_empirical_fdr.py::test_observed_store_unchanged_after_serial_and_parallel_permutations
tests/test_chain_merge_search_family.py::test_background_without_selected_regions_counts_in_search_correction
tests/test_chain_merge_search_family.py::test_default_qvalues_match_by_with_unreported_intervals_set_to_one
tests/test_chain_merge_search_family.py::test_interval_count_matches_enumeration_for_gaps_and_length_boundaries
tests/test_chain_merge_search_family.py::test_sparse_adjustment_matches_full_by_with_ties_zeros_and_missing_values
tests/test_chain_merge_search_family.py::test_cache_key_changes_for_corrected_search_family
tests/test_chroms.py::test_canonical_kept_under_both_naming_styles[chr1]
tests/test_chroms.py::test_canonical_kept_under_both_naming_styles[chr9]
tests/test_chroms.py::test_canonical_kept_under_both_naming_styles[chr22]
tests/test_chroms.py::test_canonical_kept_under_both_naming_styles[chrX]
tests/test_chroms.py::test_canonical_kept_under_both_naming_styles[chrY]
tests/test_chroms.py::test_canonical_kept_under_both_naming_styles[1]
tests/test_chroms.py::test_canonical_kept_under_both_naming_styles[9]
tests/test_chroms.py::test_canonical_kept_under_both_naming_styles[22]
tests/test_chroms.py::test_canonical_kept_under_both_naming_styles[X]
tests/test_chroms.py::test_canonical_kept_under_both_naming_styles[Y]
tests/test_chroms.py::test_mitochondrion_kept_under_every_spelling[chrM]
tests/test_chroms.py::test_mitochondrion_kept_under_every_spelling[chrMT]
tests/test_chroms.py::test_mitochondrion_kept_under_every_spelling[M]
tests/test_chroms.py::test_mitochondrion_kept_under_every_spelling[MT]
tests/test_chroms.py::test_mitochondrion_kept_under_every_spelling[chrm]
tests/test_chroms.py::test_mitochondrion_kept_under_every_spelling[mt]
tests/test_chroms.py::test_prefix_and_core_are_case_insensitive[CHR1]
tests/test_chroms.py::test_prefix_and_core_are_case_insensitive[Chr1]
tests/test_chroms.py::test_prefix_and_core_are_case_insensitive[cHrX]
tests/test_chroms.py::test_prefix_and_core_are_case_insensitive[chrx]
tests/test_chroms.py::test_prefix_and_core_are_case_insensitive[x]
tests/test_chroms.py::test_noncanonical_dropped[chr14_KI270722v1_random]
tests/test_chroms.py::test_noncanonical_dropped[chr1_KI270706v1_random]
tests/test_chroms.py::test_noncanonical_dropped[chr14_GL000194v1_random]
tests/test_chroms.py::test_noncanonical_dropped[chrUn_KI270742v1]
tests/test_chroms.py::test_noncanonical_dropped[chrUn_GL000216v2]
tests/test_chroms.py::test_noncanonical_dropped[GL000216v2]
tests/test_chroms.py::test_noncanonical_dropped[KI270722.1]
tests/test_chroms.py::test_noncanonical_dropped[chr23]
tests/test_chroms.py::test_noncanonical_dropped[chr0]
tests/test_chroms.py::test_noncanonical_dropped[chr01]
tests/test_chroms.py::test_noncanonical_dropped[chr]
tests/test_chroms.py::test_noncanonical_dropped[chrUn]
tests/test_chroms.py::test_noncanonical_dropped[]
tests/test_chroms.py::test_noncanonical_dropped[chrI]
tests/test_chroms.py::test_noncanonical_dropped[2L]
tests/test_chroms.py::test_cores_are_the_fixed_human_style_set
tests/test_chroms.py::test_ucsc_order_is_genome_order_and_all_canonical
tests/test_chroms.py::test_filter_canonical_preserves_input_order
tests/test_chroms.py::test_filter_canonical_accepts_any_iterable_and_empty_input
tests/test_chroms.py::test_filter_canonical_logged_names_dropped_contigs_and_the_opt_out
tests/test_chroms.py::test_filter_canonical_logged_summarises_a_long_drop_list
tests/test_chroms.py::test_filter_canonical_logged_is_silent_when_nothing_is_dropped
tests/test_cli.py::test_cli_top_level_help
tests/test_cli.py::test_cli_dmc_help_shows_lr_default_and_allow_n1
tests/test_cli.py::test_cli_dmr_help_shows_method_and_allow_n1
tests/test_cli.py::test_cli_dmr_method_hmm_rejected
tests/test_cli.py::test_cli_dmr_help_shows_chain_merge_default
tests/test_cli.py::test_cli_dmr_chain_merge_requires_dmc_results
tests/test_cli.py::test_cli_dmr_chain_merge_end_to_end
tests/test_cli.py::test_cli_smooth_help_says_gaussian_not_bsmooth
tests/test_cli.py::test_importing_epykit_does_not_clobber_root_logging
tests/test_cli.py::test_cli_end_to_end_dmc_pipeline
tests/test_cli.py::test_cli_dmc_refuses_n1_without_allow_n1_flag
tests/test_cli_allow_n1_fisher.py::test_allow_n1_resolves_lr_to_fisher
tests/test_cli_allow_n1_fisher.py::test_allow_n1_explicit_welch_t_not_overridden
tests/test_cli_allow_n1_fisher.py::test_allow_n1_resolves_auto_to_fisher
tests/test_cli_allow_n1_fisher.py::test_allow_n1_n2_lr_not_changed
tests/test_cli_allow_n1_fisher.py::test_allow_n1_explicit_glm_not_overridden
tests/test_cli_allow_n1_fisher.py::test_n2_lr_not_changed
tests/test_cli_allow_n1_fisher.py::test_allow_n1_resolution_warns
tests/test_cli_api_parity.py::test_tl_dmc_dispersion_default_is_eb
tests/test_cli_api_parity.py::test_cli_dmc_qvalues_match_tl_dmc
tests/test_cli_canonical_smoothing.py::test_flags_default_off_and_parse
tests/test_cli_canonical_smoothing.py::test_convert_canonical_only_matches_convert_sample
tests/test_cli_canonical_smoothing.py::test_dmc_canonical_only_matches_tl_dmc
tests/test_cli_canonical_smoothing.py::test_dmc_smoothing_matches_tl_dmc
tests/test_cli_canonical_smoothing.py::test_dmc_contrast_path_canonical_only_matches_tl_dmc
tests/test_cli_canonical_smoothing.py::test_dmr_tile_canonical_only_matches_tile_caller
tests/test_cli_canonical_smoothing.py::test_dmr_tile_permutations_receive_the_canonical_list
tests/test_cli_canonical_smoothing.py::test_dmr_non_tile_methods_reject_canonical_only[chain_merge]
tests/test_cli_canonical_smoothing.py::test_dmr_non_tile_methods_reject_canonical_only[sliding_window]
tests/test_cli_canonical_smoothing.py::test_dmr_non_tile_methods_reject_canonical_only[segment]
tests/test_cli_canonical_smoothing.py::test_dmc_smoothing_rejected_with_a_non_lr_engine
tests/test_cli_canonical_smoothing.py::test_dmc_smoothing_rejected_after_allow_n1_resolves_to_fisher
tests/test_cli_canonical_smoothing.py::test_dmc_smoothing_rejected_on_the_contrast_path
tests/test_cli_canonical_smoothing.py::test_dmc_smoothing_requires_a_positive_span
tests/test_cli_convert_defaults.py::test_bare_convert_defaults_to_merge
tests/test_cli_convert_defaults.py::test_no_merge_cpg_disables_merge
tests/test_cli_convert_defaults.py::test_explicit_merge_cpg_enables_merge
tests/test_cli_dmc_contrast_forwarding.py::test_cli_contrast_forwards_dispersion_reference_fdr
tests/test_cli_dmr_qfilter.py::test_dmr_parser_has_min_mean_qvalue_default_005
tests/test_cli_dmr_qfilter.py::test_cli_chain_merge_applies_q_filter
tests/test_cli_dmr_qfilter.py::test_cli_chain_merge_none_disables_q_filter
tests/test_cli_dmr_qfilter.py::test_cli_sliding_window_applies_q_filter
tests/test_cli_dmr_qfilter.py::test_cli_tile_applies_qvalue_filter
tests/test_cli_dmr_qfilter.py::test_cli_tile_none_disables_q_filter
tests/test_cli_unite_default_parity.py::test_dmc_bare_defaults_to_union
tests/test_cli_unite_default_parity.py::test_dmc_unite_forces_intersect
tests/test_cli_unite_default_parity.py::test_dmc_no_unite_is_union
tests/test_cli_unite_default_parity.py::test_dmr_tile_bare_defaults_to_union
tests/test_cli_unite_default_parity.py::test_dmr_unite_forces_intersect
tests/test_cli_unite_default_parity.py::test_cli_api_bare_unite_parity
tests/test_combined_strand_bed.py::test_convert_sample_combined_strand_bed_basic
tests/test_combined_strand_bed.py::test_combined_strand_bed_zero_coverage_strand
tests/test_combined_strand_bed.py::test_combined_strand_bed_end_to_end_dmc
tests/test_combined_strand_bed.py::test_read_combined_strand_bed_exposed_on_package
tests/test_combined_strand_bed.py::test_convert_sample_unknown_format_still_rejects
tests/test_compute_backends.py::test_dispatcher_sequential_identity
tests/test_compute_backends.py::test_dispatcher_skips_empty_and_none
tests/test_compute_backends.py::test_dispatcher_unknown_backend_raises
tests/test_compute_backends.py::test_dispatcher_dask_missing_extra_message
tests/test_compute_backends.py::test_dispatcher_ray_missing_extra_message
tests/test_compute_backends.py::test_dmc_sequential_backend_returns_results
tests/test_compute_backends.py::test_dmc_dask_matches_sequential
tests/test_coordinate_convention.py::test_bismark_one_based_cov_maps_to_zero_based_pos
tests/test_coordinate_convention.py::test_methyldackel_zero_based_unchanged
tests/test_coordinate_convention.py::test_same_cytosine_aligns_across_formats
tests/test_coordinate_convention.py::test_coordinate_base_override_forces_zero_based
tests/test_coordinate_convention.py::test_one_based_cov_annotates_to_correct_gene
tests/test_deps_floor.py::test_polars_pivot_on_keyword_available
tests/test_deps_floor.py::test_pandas_nullable_int_map_to_numpy_na_value
tests/test_depth_aware_variance.py::test_design_effect_equals_direct_variance_of_weighted_counts
tests/test_depth_aware_variance.py::test_adaptive_keeps_f_reference_when_estimated_scale_is_clamped
tests/test_depth_aware_variance.py::test_depth_specific_confidence_intervals_are_group_symmetric
tests/test_dmc_ci_phi.py::test_phi_none_is_binomial_baseline
tests/test_dmc_ci_phi.py::test_phi_clamped_to_one_matches_binomial
tests/test_dmc_ci_phi.py::test_overdispersion_widens_interval_toward_sqrt_phi
tests/test_dmc_ci_phi.py::test_small_df_widens_further_than_normal
tests/test_dmc_ci_phi.py::test_ci_bracketed_and_bounded
tests/test_dmc_eb_dispersion.py::test_score_finalize_floor_applies_at_small_w_eb
tests/test_dmc_eb_dispersion.py::test_eb_default_does_not_crush_pvalues_at_modest_statistics
tests/test_dmc_eb_dispersion.py::test_dispersion_default_is_eb
tests/test_dmc_eb_dispersion.py::test_dispersion_docstring_mentions_eb_as_default
tests/test_dmc_empirical_fdr.py::test_empirical_fdr_columns_present_and_in_range
tests/test_dmc_empirical_fdr.py::test_empirical_fdr_refuses_contrast_path
tests/test_dmc_empirical_fdr.py::test_empirical_fdr_tracks_asymptotic_on_null_sites
tests/test_dmc_empirical_fdr.py::test_dmr_empirical_fdr_columns
tests/test_dmc_empirical_fdr_denominator.py::test_dmc_emp_p_uses_n_perm_denominator_not_pooled
tests/test_dmc_empirical_fdr_denominator.py::test_dmc_emp_p_correct_on_pure_null
tests/test_dmc_engines.py::test_public_engines_are_both_cli_choice_lists_in_order
tests/test_dmc_engines.py::test_registry_loads_without_the_package
tests/test_dmc_engines.py::test_removed_engine_raises_its_migration_hint[bb_lr]
tests/test_dmc_engines.py::test_removed_engine_raises_its_migration_hint[cmh]
tests/test_dmc_engines.py::test_removed_engine_raises_its_migration_hint[logit_t]
tests/test_dmc_engines.py::test_removed_engine_raises_its_migration_hint[score]
tests/test_dmc_engines.py::test_tl_dmc_refuses_an_unknown_engine_before_any_store
tests/test_dmc_engines.py::test_process_chromosomes_dmc_refuses_an_unknown_engine_before_any_store
tests/test_dmc_fisher.py::test_fisher_two_sided_matches_scipy_on_random_tables
tests/test_dmc_lr.py::test_lr_emits_log2_odds_ratio_pooled
tests/test_dmc_lr.py::test_fisher_emits_log2_odds_ratio_pooled
tests/test_dmc_lr.py::test_lr_meth_diff_ci_is_asymmetric_near_boundary
tests/test_dmc_metadata.py::test_main_path_writes_canonical_record
tests/test_dmc_metadata.py::test_resume_hit_path_writes_canonical_record
tests/test_dmc_metadata.py::test_contrast_path_writes_canonical_record
tests/test_dmc_metadata.py::test_contrast_path_rejects_invalid_power_stack
tests/test_dmc_metadata.py::test_contrast_path_rejects_materialize_false
tests/test_dmc_metadata.py::test_contrast_path_ignores_power_stack_with_a_notice
tests/test_dmc_metadata.py::test_engine_emits_canonical_columns[lr-kwargs0]
tests/test_dmc_metadata.py::test_engine_emits_canonical_columns[welch_t-kwargs1]
tests/test_dmc_metadata.py::test_engine_emits_canonical_columns[glm-kwargs2]
tests/test_dmc_metadata.py::test_fisher_emits_canonical_columns
tests/test_dmc_multigroup.py::test_multigroup_factor_joint_test
tests/test_dmc_multigroup.py::test_continuous_covariate_primary
tests/test_dmc_multigroup.py::test_named_contrast_single_row
tests/test_dmc_multigroup.py::test_contrast_honors_fdr_method
tests/test_dmc_multitest.py::test_storey_pi0_clamped_at_one_over_n
tests/test_dmc_multitest.py::test_storey_pi0_unclamped_when_above_floor
tests/test_dmc_runners.py::test_runner_table_matches_the_registry
tests/test_dmc_runners.py::test_runner_returns_only_per_site_arrays[fisher]
tests/test_dmc_runners.py::test_runner_returns_only_per_site_arrays[lr]
tests/test_dmc_runners.py::test_runner_returns_only_per_site_arrays[welch_t]
tests/test_dmc_runners.py::test_runner_returns_only_per_site_arrays[glm]
tests/test_dmc_runners.py::test_runner_returns_only_per_site_arrays[glm_contrast]
tests/test_dmc_runners.py::test_runner_returns_only_per_site_arrays[glm_contrast-joint]
tests/test_dmc_runners.py::test_empty_chromosome_returns_the_canonical_schema
tests/test_dmc_runners.py::test_unknown_engine_is_refused_before_any_runner
tests/test_dmc_smooth_dispersion.py::test_box_smooth_constant_input_returns_constant
tests/test_dmc_smooth_dispersion.py::test_box_smooth_single_cpg
tests/test_dmc_smooth_dispersion.py::test_box_smooth_isolated_cpg_unchanged
tests/test_dmc_smooth_dispersion.py::test_box_smooth_window_zero_is_passthrough
tests/test_dmc_smooth_dispersion.py::test_box_smooth_matches_brute_force_on_random_fixture
tests/test_dmc_smooth_dispersion.py::test_box_smooth_first_and_last_use_truncated_window
tests/test_dmc_smooth_dispersion.py::test_box_smooth_empty_input
tests/test_dmc_smooth_dispersion.py::test_smoothing_signature_changes_with_span
tests/test_dmc_smooth_dispersion.py::test_smoothing_signature_ignores_span_when_smoothing_off
tests/test_dmc_smooth_dispersion.py::test_smoothing_store_dir_is_suffixed
tests/test_dmc_smooth_dispersion.py::test_dmc_smoothing_runs_and_records_metadata
tests/test_dmc_smooth_dispersion.py::test_dmc_smoothing_off_records_metadata
tests/test_dmc_smooth_dispersion.py::test_dmc_smoothing_does_not_collide_with_unsmoothed_cache
tests/test_dmc_smooth_dispersion.py::test_dmc_smoothing_output_schema_matches_unsmoothed
tests/test_dmc_smooth_dispersion.py::test_use_smoothed_emits_deprecation_warning
tests/test_dmc_stages.py::test_open_input_store_builds_and_removes_the_smoothed_store
tests/test_dmc_stages.py::test_open_input_store_yields_the_raw_store_by_default
tests/test_dmc_stages.py::test_open_input_store_requires_a_smoothed_sidecar
tests/test_dmc_stages.py::test_materialize_false_never_assembles_the_table
tests/test_dmc_stages.py::test_resume_hit_emits_the_transitional_column_warning
tests/test_dmc_stages.py::test_dmc_warnings_point_at_the_caller
tests/test_dmc_stages.py::test_n1_fallback_warning_points_at_the_caller
tests/test_dmc_streaming_store.py::test_dmc_recomputes_when_input_sig_mismatches
tests/test_dmc_streaming_store.py::test_dmc_legacy_manifest_without_input_sig_still_weak_hits
tests/test_dmc_streaming_store.py::test_materialize_true_default_populates_varm
tests/test_dmc_streaming_store.py::test_materialize_false_keeps_only_store
tests/test_dmc_streaming_store.py::test_materialize_false_dmr_equivalent
tests/test_dmc_streaming_store.py::test_materialize_false_rejects_neighbour_combine
tests/test_dmr_chain_merge.py::test_chain_links_within_dis_merge
tests/test_dmr_chain_merge.py::test_chain_merge_default_merges_300bp_gap
tests/test_dmr_chain_merge.py::test_chain_breaks_beyond_dis_merge
tests/test_dmr_chain_merge.py::test_chain_links_kank1_like_141bp_gaps
tests/test_dmr_chain_merge.py::test_pct_sig_filter_rejects_low_density
tests/test_dmr_chain_merge.py::test_min_cpgs_filter_rejects_short_chain
tests/test_dmr_chain_merge.py::test_minlen_bp_filter_rejects_short_span
tests/test_dmr_chain_merge.py::test_min_abs_meth_diff_excludes_small_effects
tests/test_dmr_chain_merge.py::test_chain_merge_labels_hyper_and_hypo
tests/test_dmr_chain_merge.py::test_schema_matches_sliding_window
tests/test_dmr_chain_merge.py::test_empty_input_returns_empty_frame_with_schema
tests/test_dmr_chain_merge.py::test_tl_dmr_method_chain_merge
tests/test_dmr_chain_merge.py::test_tl_dmr_unknown_method_message_includes_chain_merge
tests/test_dmr_empirical_fdr.py::test_n_one_each_raises
tests/test_dmr_empirical_fdr.py::test_paired_design_shuffles_within_strata
tests/test_dmr_empirical_fdr.py::test_emp_p_uses_n_perm_denominator_not_pooled
tests/test_dmr_empirical_fdr.py::test_emp_p_correct_on_pure_null
tests/test_dmr_empirical_fdr.py::test_failed_permutations_excluded_from_denominator
tests/test_dmr_empirical_fdr.py::test_zero_successful_perms_returns_ones
tests/test_dmr_empirical_fdr.py::test_searchsorted_counts_match_expected_p
tests/test_dmr_hmm.py::test_hmm_dmr_recovers_planted_hypo_run
tests/test_dmr_hmm.py::test_hmm_dmr_no_calls_on_pure_noise
tests/test_dmr_hmm.py::test_hmm_dmr_rejects_dmc_missing_columns
tests/test_dmr_hmm.py::test_dmr_method_hmm_raises
tests/test_dmr_hmm.py::test_dmr_method_segment_still_works
tests/test_dmr_min_cpgs_parity.py::test_chain_merge_engine_preset_min_cpgs_applied
tests/test_dmr_min_cpgs_parity.py::test_chain_merge_explicit_min_cpgs_overrides_preset
tests/test_dmr_min_cpgs_parity.py::test_chain_merge_engine_no_preset_default_is_three
tests/test_dmr_min_cpgs_parity.py::test_tl_dmr_chain_merge_preset_min_cpgs_not_suppressed
tests/test_dmr_min_cpgs_parity.py::test_tl_dmr_chain_merge_bare_default_preserved
tests/test_dmr_min_cpgs_parity.py::test_cli_chain_merge_forwards_min_cpgs
tests/test_dmr_min_cpgs_parity.py::test_cli_chain_merge_unset_min_cpgs_resolves_preset
tests/test_dmr_min_cpgs_parity.py::test_cli_chain_merge_bare_default_is_five
tests/test_dmr_min_cpgs_parity.py::test_cli_api_bare_chain_merge_parity
tests/test_dmr_min_cpgs_parity.py::test_tl_dmr_invalid_preset_friendly_error
tests/test_dmr_min_cpgs_parity.py::test_resolve_layer_min_cpgs
tests/test_dmr_presets_and_diagnose.py::test_presets_dict_has_expected_keys
tests/test_dmr_presets_and_diagnose.py::test_presets_are_ordered_strict_to_permissive
tests/test_dmr_presets_and_diagnose.py::test_unknown_preset_raises
tests/test_dmr_presets_and_diagnose.py::test_explicit_kwarg_overrides_preset
tests/test_dmr_presets_and_diagnose.py::test_preset_default_matches_explicit_bundle_call
tests/test_dmr_presets_and_diagnose.py::test_diagnose_returns_expected_shape
tests/test_dmr_presets_and_diagnose.py::test_diagnose_buckets_sum_to_total
tests/test_dmr_presets_and_diagnose.py::test_diagnose_bucket_classification_is_correct
tests/test_dmr_presets_and_diagnose.py::test_diagnose_h3b_when_q_below_alpha_threshold
tests/test_dmr_presets_and_diagnose.py::test_diagnose_raises_when_no_dmc
tests/test_dmr_presets_and_diagnose.py::test_diagnose_raises_when_no_dmr
tests/test_dmr_presets_and_diagnose.py::test_diagnose_chromosomes_filter_restricts_analysis
tests/test_dmr_presets_and_diagnose.py::test_diagnose_public_api_exposed_on_tl_namespace
tests/test_dmr_presets_and_diagnose.py::test_dmr_presets_exposed_on_top_level_and_tl
tests/test_dmr_region_fdr_mode.py::test_max_t_is_the_default
tests/test_dmr_region_fdr_mode.py::test_max_t_with_failed_and_empty_permutations_matches_main
tests/test_dmr_region_fdr_mode.py::test_max_t_does_not_exclude_self_or_mirror
tests/test_dmr_region_fdr_mode.py::test_max_t_mode_still_saturates
tests/test_dmr_region_fdr_mode.py::test_region_mode_significant_where_maxt_saturates
tests/test_dmr_region_fdr_mode.py::test_region_distinguishes_failed_empty_and_excluded
tests/test_dmr_region_fdr_mode.py::test_region_zero_usable_assignments_returns_nan_with_warning
tests/test_dmr_region_fdr_mode.py::test_region_preserves_nonfinite_observed_as_nan
tests/test_dmr_region_fdr_mode.py::test_region_small_n_warns
tests/test_dmr_region_fdr_mode.py::test_missing_observed_statistics_do_not_lower_region_fdr[nan]
tests/test_dmr_region_fdr_mode.py::test_missing_observed_statistics_do_not_lower_region_fdr[inf]
tests/test_dmr_region_fdr_mode.py::test_missing_observed_statistics_do_not_lower_region_fdr[-inf]
tests/test_dmr_region_fdr_mode.py::test_missing_observed_statistics_do_not_lower_region_fdr[None]
tests/test_dmr_region_fdr_mode.py::test_region_fdr_is_undefined_without_finite_observed_statistics
tests/test_dmr_region_fdr_mode.py::test_max_t_small_n_does_not_warn
tests/test_dmr_region_fdr_mode.py::test_empty_observed_returns_three_null_columns
tests/test_dmr_region_fdr_mode.py::test_invalid_request_raises_before_any_permutation[kwargs0]
tests/test_dmr_region_fdr_mode.py::test_invalid_request_raises_before_any_permutation[kwargs1]
tests/test_dmr_region_fdr_mode.py::test_invalid_request_raises_before_any_permutation[kwargs2]
tests/test_dmr_segment.py::test_call_dmr_rule_segment_emits_finite_pvalues
tests/test_dmr_segment.py::test_segment_uses_signed_stouffer_cancelling_mixed_directions
tests/test_dmr_segment.py::test_dmr_segment_has_no_unsigned_stouffer_combine
tests/test_dmr_segment.py::test_dmr_hmm_shim_warns_on_import_and_re_exports
tests/test_dmr_sliding_raw_p.py::test_sliding_window_combines_raw_p_not_q
tests/test_dmr_tile_merge.py::test_tile_merges_adjacent_significant
tests/test_dmr_tile_merge.py::test_tile_no_merge_different_direction
tests/test_dmr_tile_merge.py::test_tile_no_merge_gap
tests/test_dmr_tile_merge.py::test_tile_no_merge_different_chrom
tests/test_dmr_tile_merge.py::test_tile_three_way_merge
tests/test_dmr_tile_merge.py::test_tile_empty_input
tests/test_dmr_tile_merge.py::test_three_tile_chain_uses_correct_stouffer_denominator
tests/test_dmr_tile_merge.py::test_two_tile_merge_uses_two_sided_isf
tests/test_dvc.py::test_dvc_per_site_stat_matches_brown_forsythe
tests/test_dvc.py::test_dvc_per_site_nan_on_insufficient_data
tests/test_dvc.py::test_dvc_bartlett_alias_warns
tests/test_dvc.py::test_dvc_n2_warns_and_calls_nothing
tests/test_dvr.py::test_call_dvr_density_finds_enriched_tile
tests/test_dvr.py::test_call_dvr_density_empty_input
tests/test_dvr.py::test_call_dvr_density_no_dvcs
tests/test_dvr.py::test_call_dvr_density_rejects_missing_columns
tests/test_dvr.py::test_tl_dvr_orchestrator
tests/test_dvr.py::test_tl_dvr_errors_without_dvc
tests/test_dvr.py::test_dvc_writes_expected_schema
tests/test_dvr.py::test_dvc_rejects_unsupported_tests[levene]
tests/test_dvr.py::test_dvc_rejects_unsupported_tests[f_test]
tests/test_dvr.py::test_dvc_brown_forsythe_accepted
tests/test_empirical_fdr_method_coverage.py::test_non_tile_empirical_fdr_raises_notimplemented[sliding_window]
tests/test_empirical_fdr_method_coverage.py::test_non_tile_empirical_fdr_raises_notimplemented[segment]
tests/test_empirical_fdr_method_coverage.py::test_tile_empirical_fdr_still_works
tests/test_empirical_fdr_method_coverage.py::test_tile_region_mode_records_set_estimate
tests/test_empirical_fdr_method_coverage.py::test_chain_merge_empirical_fdr_admitted_in_api
tests/test_empirical_fdr_method_coverage.py::test_cli_dmr_non_tile_empirical_fdr_raises_notimplemented[chain_merge]
tests/test_empirical_fdr_method_coverage.py::test_cli_dmr_non_tile_empirical_fdr_raises_notimplemented[sliding_window]
tests/test_empirical_fdr_method_coverage.py::test_cli_dmr_non_tile_empirical_fdr_raises_notimplemented[segment]
tests/test_empirical_fdr_method_coverage.py::test_tile_empirical_fdr_propagates_merge_adjacent_and_backend
tests/test_empirical_fdr_sep_fallback_parity.py::test_empirical_fdr_for_dmc_signature_accepts_sep_and_smoothing_kwargs
tests/test_empirical_fdr_sep_fallback_parity.py::test_empirical_fdr_for_dmc_forwards_sep_and_smoothing
tests/test_empirical_fdr_sep_fallback_parity.py::test_empirical_fdr_for_dmc_defaults_do_not_leak_into_perms
tests/test_empirical_fdr_stratified.py::test_stratified_permutation_preserves_per_stratum_counts
tests/test_empirical_fdr_stratified.py::test_stratified_permutation_unequal_strata_preserves_counts
tests/test_engine_oracles.py::test_welch_t_matches_scipy_ttest_ind
tests/test_engine_oracles.py::test_lr_matches_g_test_at_unit_dispersion
tests/test_engine_oracles.py::test_lr_null_table_is_nonsignificant
tests/test_engine_oracles.py::test_glm_se_and_deviance_match_statsmodels
tests/test_export.py::test_to_bedgraph
tests/test_export.py::test_to_bedgraph_streams_all_covered_sites_in_order
tests/test_export.py::test_to_bedgraph_coverage
tests/test_export.py::test_dmcs_to_bed
tests/test_export.py::test_dmrs_to_bed
tests/test_export.py::test_to_bedgraph_rejects_unknown_value
tests/test_export.py::test_to_bigwig_skipped_without_pybigwig
tests/test_export_csv.py::test_dmr_to_tsv_writes_full_table_chrom_start_sorted
tests/test_export_csv.py::test_dmr_to_csv_uses_comma_for_csv_suffix
tests/test_export_csv.py::test_dmc_to_tsv_significant_only_qvalue_asc
tests/test_export_csv.py::test_dmc_to_tsv_full_writes_all_rows_genomic_order
tests/test_export_csv.py::test_dmc_to_tsv_alpha_override
tests/test_export_csv.py::test_dmc_to_tsv_uses_qvalue_combined_when_present
tests/test_export_csv.py::test_dmc_to_tsv_flattens_nested_list_columns
tests/test_export_csv.py::test_dvc_to_tsv_significant_only
tests/test_export_csv.py::test_dvc_to_tsv_full
tests/test_export_csv.py::test_qc_to_tsv_writes_md_obs
tests/test_export_csv.py::test_export_tables_writes_all_present_tables
tests/test_export_csv.py::test_export_tables_full_adds_full_dmc_and_dvc
tests/test_export_csv.py::test_export_tables_skips_missing_tables
tests/test_export_csv.py::test_export_tables_csv_fmt_uses_comma_and_csv_suffix
tests/test_export_csv.py::test_tl_dmc_tsv_kwarg_writes_file
tests/test_export_csv.py::test_tl_dmc_tsv_full_writes_every_row
tests/test_export_csv.py::test_tl_dvc_tsv_kwarg_writes_file
tests/test_export_csv.py::test_tl_dmr_tsv_kwarg_writes_file
tests/test_export_csv.py::test_tl_qc_tsv_kwarg_writes_md_obs
tests/test_export_csv.py::test_tl_dmc_csv_kwarg_is_deprecated_alias
tests/test_export_csv.py::test_tl_dmr_csv_kwarg_is_deprecated_alias
tests/test_export_csv.py::test_tl_dmc_tsv_wins_when_both_given
tests/test_export_csv.py::test_tl_dmc_auto_emits_to_analysis_root_by_default
tests/test_export_csv.py::test_tl_dmc_tsv_false_disables_auto_emit
tests/test_export_csv.py::test_tl_dmr_auto_emits_to_analysis_root_by_default
tests/test_export_csv.py::test_cli_dmc_auto_emits_sibling_significant_tsv
tests/test_export_csv.py::test_cli_dmc_no_tsv_suppresses_sibling
tests/test_export_csv.py::test_cli_dmc_no_csv_still_suppresses_deprecated
tests/test_export_csv.py::test_cli_dmr_auto_emits_sibling_tsv
tests/test_export_csv.py::test_cli_annotate_auto_emits_sibling_tsv
tests/test_export_csv.py::test_cli_qc_report_auto_emits_sibling_tsvs
tests/test_export_csv.py::test_env_var_suppresses_cli_auto_emit
tests/test_export_csv.py::test_explicit_csv_path_wins_over_auto_emit_name
tests/test_fdr_nan_exclusion.py::test_nan_pvalues_do_not_inflate_denominator[fdr_bh]
tests/test_fdr_nan_exclusion.py::test_nan_pvalues_do_not_inflate_denominator[fdr_by]
tests/test_fdr_nan_exclusion.py::test_nan_pvalues_do_not_inflate_denominator[fdr_tsbh]
tests/test_fdr_nan_exclusion.py::test_nan_pvalues_do_not_inflate_denominator[fdr_storey]
tests/test_fdr_nan_exclusion.py::test_no_nan_is_byte_identical_to_plain_bh
tests/test_filter.py::test_blacklist_drops_exactly_the_sites_inside_bed_intervals
tests/test_filter.py::test_normalize_coverage_store_aligns_medians_and_rescales_counts
tests/test_filter.py::test_normalize_keeps_n_unmeth_consistent_with_coverage
tests/test_filter.py::test_filter_manifest_skips_rerun_with_identical_params
tests/test_filter.py::test_filter_manifest_invalidates_when_params_change
tests/test_glm.py::test_glm_emits_coef_treatment_log2
tests/test_glm.py::test_reference_level_respected
tests/test_glm.py::test_glm_reports_covariate_adjusted_effect_and_ci
tests/test_glm.py::test_glm_meth_diff_ci_widens_with_dispersion
tests/test_glm.py::test_nonconverged_irls_sites_are_nan
tests/test_glm_df_phi_floor.py::test_reference_preserves_estimated_degrees_of_freedom
tests/test_glm_df_phi_floor.py::test_wald_test_small_sample_guard_is_noop
tests/test_glm_separation.py::test_well_fitted_site_produces_sane_pearson
tests/test_glm_separation.py::test_separated_site_is_nan
tests/test_glm_separation.py::test_dispersion_pool_excludes_separated
tests/test_glm_separation.py::test_dispersion_handles_all_separated
tests/test_gtf_cache.py::test_lru_evicts_oldest_when_full
tests/test_gtf_cache.py::test_lru_hit_refreshes_recency
tests/test_gtf_cache.py::test_resize_evicts_eagerly
tests/test_gtf_cache.py::test_set_size_rejects_zero
tests/test_gtf_cache.py::test_get_miss_returns_none
tests/test_gtf_cache.py::test_put_existing_key_updates_value_and_recency
tests/test_guards.py::test_n1_dmc_raises_without_allow_n1
tests/test_guards.py::test_n1_dmc_explicit_test_also_raises
tests/test_guards.py::test_n1_dmc_with_allow_n1_runs_and_warns
tests/test_guards.py::test_n1_dmr_tile_raises_without_allow_n1
tests/test_guards.py::test_union_with_zero_min_samples_warns
tests/test_guards.py::test_union_with_explicit_min_samples_does_not_warn
tests/test_guards.py::test_intersect_mode_never_warns_about_union
tests/test_guards.py::test_min_samples_case_kwarg_rejected_on_dmc
tests/test_guards.py::test_explicit_fisher_emits_user_warning
tests/test_guards.py::test_fisher_warning_fires_only_once_per_session
tests/test_guards.py::test_normalize_coverage_before_filter_raises
tests/test_guards.py::test_smooth_before_filter_raises
tests/test_guards.py::test_dropped_engine_raises_with_migration_hint[logit_t-welch_t]
tests/test_guards.py::test_dropped_engine_raises_with_migration_hint[bb_lr-lr]
tests/test_guards.py::test_dropped_engine_raises_with_migration_hint[score-lr]
tests/test_guards.py::test_dropped_engine_raises_with_migration_hint[cmh-formula='~ group + batch']
tests/test_hmm.py::test_segment_recovers_states_high_accuracy
tests/test_hmm.py::test_segment_returns_posteriors_when_requested
tests/test_hmm.py::test_segment_empty_input
tests/test_hmm.py::test_segment_rejects_mismatched_state_means
tests/test_hmm.py::test_segment_rejects_wrong_transition_shape
tests/test_hmm.py::test_runs_of_state_finds_contiguous_blocks
tests/test_hmm.py::test_runs_of_state_translates_positions
tests/test_hmm.py::test_segment_handles_nan_observations
tests/test_hmr.py::test_hmr_recovers_dense_region
tests/test_hmr.py::test_hmr_distinguishes_lmr_by_density
tests/test_hmr.py::test_hmr_no_calls_on_high_beta_only
tests/test_impute_mask.py::test_impute_returns_mask_flagging_filled_cells
tests/test_impute_mask.py::test_impute_default_returns_array_only
tests/test_interop_pack.py::test_mudata_round_trip_or_skip
tests/test_interop_pack.py::test_to_methylkit_tabix_writes_files
tests/test_interop_pack.py::test_to_methylkit_export_is_1_based
tests/test_interop_pack.py::test_multiqc_export_writes_json
tests/test_interop_pack.py::test_nfcore_qc_parse_handles_empty
tests/test_interop_pack.py::test_to_anndata_requires_unite
tests/test_interop_pack.py::test_to_anndata_shape_default
tests/test_interop_pack.py::test_to_anndata_populate_layers_opt_in
tests/test_interop_pack.py::test_to_anndata_beta_in_unit_interval
tests/test_lr_improvements.py::test_storey_pi0_uniform_returns_near_one
tests/test_lr_improvements.py::test_storey_pi0_50pct_signal_returns_around_05
tests/test_lr_improvements.py::test_storey_qvalues_at_least_as_powerful_as_bh
tests/test_lr_improvements.py::test_apply_multiple_testing_correction_invalid_method
tests/test_lr_improvements.py::test_apply_multiple_testing_correction_storey_path
tests/test_lr_improvements.py::test_apply_multiple_testing_correction_tsbh_path
tests/test_lr_improvements.py::test_neighbour_combine_aligned_signs_lowers_pvalue
tests/test_lr_improvements.py::test_neighbour_combine_disagreeing_signs_dampens_combination
tests/test_lr_improvements.py::test_neighbour_combine_preserves_nan
tests/test_lr_improvements.py::test_neighbour_combine_never_inflates_pvalue
tests/test_lr_improvements.py::test_power_stack_auto_engages_all_four_at_any_n
tests/test_lr_improvements.py::test_power_stack_lr_plus_alias
tests/test_lr_improvements.py::test_power_stack_conservative_preserves_pre_1_0_behavior
tests/test_lr_improvements.py::test_power_stack_off_leaves_knobs_at_user_values
tests/test_lr_improvements.py::test_power_stack_true_is_lr_plus_alias
tests/test_lr_improvements.py::test_power_stack_false_is_off_alias
tests/test_lr_improvements.py::test_power_stack_unknown_string_raises
tests/test_lr_improvements.py::test_power_stack_default_is_off_no_breaking_change
tests/test_mbias.py::test_parse_bismark_mbias_round_trip
tests/test_mbias.py::test_parse_bismark_mbias_empty_file_returns_empty_schema
tests/test_mbias.py::test_mbias_plot_renders_from_paths
tests/test_mbias.py::test_mbias_plot_renders_from_parsed_dataframes
tests/test_mbias.py::test_mbias_plot_raises_on_missing_context
tests/test_merge_strands_no_reference.py::TestMergeCpgPairsByPosition::test_basic_dyad_pair_merged
tests/test_merge_strands_no_reference.py::TestMergeCpgPairsByPosition::test_multiple_clean_dyads
tests/test_merge_strands_no_reference.py::TestMergeCpgPairsByPosition::test_cgcg_adjacency_pairs_correctly
tests/test_merge_strands_no_reference.py::TestMergeCpgPairsByPosition::test_singleton_passthrough
tests/test_merge_strands_no_reference.py::TestMergeCpgPairsByPosition::test_multi_chrom_no_cross_pairing
tests/test_merge_strands_no_reference.py::TestMergeCpgPairsByPosition::test_canonical_output_schema
tests/test_merge_strands_no_reference.py::TestMergeCpgPairsByPosition::test_empty_frame_roundtrip
tests/test_merge_strands_no_reference.py::TestMergeCpgPairsByPosition::test_warning_fires_on_real_merge
tests/test_merge_strands_no_reference.py::TestMergeCpgPairsByPosition::test_no_warning_when_nothing_merged
tests/test_merge_strands_no_reference.py::TestMergeStrandsNoReferenceBismark::test_basic_dyad_halves_site_count
tests/test_merge_strands_no_reference.py::TestMergeStrandsNoReferenceBismark::test_merged_coverage_is_summed
tests/test_merge_strands_no_reference.py::TestMergeStrandsNoReferenceBismark::test_cgcg_adjacency_end_to_end
tests/test_merge_strands_no_reference.py::TestMergeStrandsNoReferenceBismark::test_singleton_survives
tests/test_merge_strands_no_reference.py::TestMergeStrandsNoReferenceBismark::test_merged_strand_is_star
tests/test_merge_strands_no_reference.py::TestMergeStrandsDirectConvertSample::test_merge_strands_false_leaves_two_rows
tests/test_merge_strands_no_reference.py::TestMergeStrandsDirectConvertSample::test_merge_strands_true_no_ref_merges
tests/test_methyldackel.py::test_methyldackel_roundtrip_matches_bismark
tests/test_methyldackel.py::test_methyldackel_cache_format_aware
tests/test_methyldackel.py::test_cli_format_methyldackel
tests/test_methyldackel.py::test_cli_version_flag
tests/test_methyldata_roundtrip.py::test_dmcstore_backed_varm_round_trips_through_linked_chrom_files
tests/test_methyldata_roundtrip.py::test_pvalue_combined_table_falls_back_to_a_single_parquet
tests/test_methyldata_roundtrip.py::test_uns_dataframes_become_parquet_sidecars_and_json_values_round_trip
tests/test_methyldata_roundtrip.py::test_report_cache_is_not_persisted
tests/test_methyldata_roundtrip.py::test_state_dmc_pointers_and_sample_ids_survive_reload
tests/test_neighbour_combine.py::test_nan_p_neighbours_excluded_from_count
tests/test_neighbour_combine.py::test_nan_p_neighbours_do_not_change_combined_p
tests/test_neighbour_combine.py::test_neighbour_combine_does_not_overwrite_pvalue
tests/test_neighbour_combine.py::test_empirical_fdr_uses_raw_p_under_neighbour_combine
tests/test_neighbour_combine.py::test_docstring_acknowledges_independence_violation
tests/test_no_print_outside_cli.py::test_no_print_calls_outside_cli
tests/test_no_print_outside_cli.py::test_cli_package_is_present
tests/test_no_print_outside_cli.py::test_allow_rule_covers_only_the_cli_package
tests/test_null_calibration.py::test_engine_not_anticonservative_under_null[lr-kwargs0]
tests/test_null_calibration.py::test_engine_not_anticonservative_under_null[welch_t-kwargs1]
tests/test_null_calibration.py::test_engine_not_anticonservative_under_null[glm-kwargs2]
tests/test_overdispersed_calibration.py::test_eb_default_is_calibrated_under_overdispersion
tests/test_overdispersed_calibration.py::test_site_is_more_liberal_than_eb_at_small_n
tests/test_overdispersed_calibration.py::test_eb_calibrated_across_replicate_counts
tests/test_overdispersed_calibration.py::test_welch_t_not_anticonservative_across_overdispersion[1.5]
tests/test_overdispersed_calibration.py::test_welch_t_not_anticonservative_across_overdispersion[2.0]
tests/test_overdispersed_calibration.py::test_welch_t_not_anticonservative_across_overdispersion[3.0]
tests/test_overdispersed_calibration.py::test_welch_t_not_anticonservative_across_overdispersion[5.0]
tests/test_overdispersed_calibration.py::test_engine_not_anticonservative_overdispersed_store[glm-kwargs0]
tests/test_overdispersed_calibration.py::test_engine_not_anticonservative_overdispersed_store[welch_t-kwargs1]
tests/test_pl_annotation.py::test_compute_annotation_counts_scalar_col
tests/test_pl_annotation.py::test_compute_annotation_counts_list_col_dedupes
tests/test_pl_annotation.py::test_compute_coannotation_matrix_diagonal_matches_counts
tests/test_pl_annotation.py::test_compute_numerical_by_annotation_includes_all_overlay
tests/test_pl_annotation.py::test_compute_categorical_proportions_sums_to_one
tests/test_pl_annotation.py::test_plot_annotation_counts
tests/test_pl_annotation.py::test_plot_numerical_by_annotation
tests/test_pl_annotation.py::test_plot_coannotations_heatmap
tests/test_pl_annotation.py::test_plot_coannotations_proportion
tests/test_pl_annotation.py::test_plot_categorical
tests/test_pl_annotation.py::test_figure_grid_panel_letters
tests/test_pl_annotation.py::test_apply_theme_publication_sets_truetype
tests/test_plots.py::test_pl_volcano
tests/test_plots.py::test_pl_ma_plot
tests/test_plots.py::test_pl_manhattan
tests/test_plots.py::test_pl_coverage_histogram
tests/test_plots.py::test_pl_methylation_heatmap
tests/test_plots.py::test_pl_pca
tests/test_plots.py::test_pl_genomic_context_bar
tests/test_plots.py::test_pl_cpg_island_pie
tests/test_plots.py::test_pl_namespace_is_real_module
tests/test_pmd.py::test_pmd_recovers_planted_region
tests/test_pmd.py::test_pmd_no_calls_when_no_signal
tests/test_power_stack_equivalence.py::test_power_stack_lr_plus_equals_explicit_knobs
tests/test_primitives.py::test_fisher_returns_pvalues_and_log2_or_arrays
tests/test_primitives.py::test_fisher_extreme_difference_significant
tests/test_primitives.py::test_fisher_identical_groups_not_significant
tests/test_primitives.py::test_fisher_reverse_separation_significant
tests/test_primitives.py::test_fisher_symmetry
tests/test_primitives.py::test_fisher_degenerate_row_returns_nan
tests/test_primitives.py::test_fisher_directionally_agrees_with_scipy
tests/test_primitives.py::test_bh_matches_statsmodels_on_clean_pvalues
tests/test_primitives.py::test_bh_preserves_nan_pvalues_as_nan_qvalues
tests/test_primitives.py::test_bh_adds_reject_column
tests/test_primitives.py::test_bh_custom_column_names_dont_collide
tests/test_primitives.py::test_bh_is_monotone_with_pvalue
tests/test_primitives.py::test_build_design_treatment_only
tests/test_primitives.py::test_build_design_with_continuous_covariate
tests/test_primitives.py::test_build_design_too_many_covariates_raises
tests/test_primitives.py::test_build_design_missing_covariate_value_raises
tests/test_primitives.py::test_irls_recovers_known_coefficients
tests/test_primitives.py::test_irls_marks_degenerate_sites_nan
tests/test_primitives.py::test_irls_batched_solves_multiple_sites_independently
tests/test_principled_df.py::test_numerical_guard_preserves_valid_small_df
tests/test_principled_df.py::test_small_sample_f_tail_is_not_replaced_by_asymptotic_tail
tests/test_qc_clinical.py::test_sex_check_runs_with_or_without_chrx
tests/test_qc_clinical.py::test_contamination_score_in_range
tests/test_qc_clinical.py::test_sample_correlation_matrix_shape
tests/test_qc_clinical.py::test_power_calc_increases_with_n
tests/test_qc_clinical.py::test_power_solves_for_n
tests/test_qc_clinical.py::test_power_matches_statsmodels_ttest_oracle
tests/test_qc_clinical.py::test_power_overdispersion_lowers_power
tests/test_qc_clinical.py::test_power_multiple_testing_raises_required_n
tests/test_qc_clinical.py::test_power_t_more_conservative_than_naive_z_at_small_n
tests/test_qc_clinical.py::test_sex_check_unimodal_cohort_falls_back_to_threshold
tests/test_qc_clinical.py::test_sex_check_bimodal_cohort_uses_clustering
tests/test_qc_clinical.py::test_tl_qc_opt_in_flags
tests/test_query.py::test_query_region_matches_naive_scan
tests/test_query.py::test_query_region_empty_for_unknown_chrom
tests/test_query.py::test_query_region_rejects_bad_interval
tests/test_query.py::test_query_region_filters_samples
tests/test_query.py::test_query_regions_matches_loop
tests/test_query.py::test_query_sites_returns_only_requested_positions
tests/test_query.py::test_query_module_is_exposed_on_epykit
tests/test_region_count_ratio_fdr.py::test_self_perm_detected
tests/test_region_count_ratio_fdr.py::test_mirror_perm_detected
tests/test_region_count_ratio_fdr.py::test_genuine_perm_not_excluded
tests/test_region_count_ratio_fdr.py::test_unequal_groups_have_no_mirror
tests/test_region_count_ratio_fdr.py::test_count_ratio_basic_hand_computed
tests/test_region_count_ratio_fdr.py::test_count_ratio_preserves_input_order
tests/test_region_count_ratio_fdr.py::test_count_ratio_q_capped_at_one_when_null_exceeds_observed
tests/test_region_count_ratio_fdr.py::test_count_ratio_zero_survivor_perm_counts_as_zero
tests/test_region_count_ratio_fdr.py::test_count_ratio_all_empty_pools_give_zero_fdr
tests/test_region_count_ratio_fdr.py::test_count_ratio_empty_observed_returns_empty
tests/test_region_count_ratio_fdr.py::test_count_ratio_no_valid_perms_returns_nan_q
tests/test_region_count_ratio_fdr.py::test_count_ratio_q_is_monotone_nondecreasing_in_p
tests/test_report.py::test_report_partial_pipeline
tests/test_report.py::test_report_full_pipeline
tests/test_report.py::test_report_skips_unrun_sections
tests/test_report.py::test_report_self_contained_embeds_plotly
tests/test_report.py::test_report_cdn_mode_uses_cdn
tests/test_report.py::test_report_dashboard_sections_and_qc_badges
tests/test_report.py::test_report_no_data_still_self_contained
tests/test_report_compute.py::test_pvalue_histogram
tests/test_report_compute.py::test_dmr_size_distribution
tests/test_report_compute.py::test_global_methylation
tests/test_report_compute.py::test_correlation_matrix
tests/test_report_compute.py::test_scree
tests/test_report_compute.py::test_scatter_subsample_keeps_all_significant
tests/test_report_compute.py::test_plotly_twins_smoke
tests/test_resume.py::test_input_signature_is_stable
tests/test_resume.py::test_manifest_round_trip
tests/test_resume.py::test_manifest_replace_on_rerun
tests/test_resume.py::test_dmc_resumable_writes_manifest
tests/test_resume.py::test_dmc_resume_skips_recomputation
tests/test_resume.py::test_dmc_resumable_false_does_not_write_manifest
tests/test_resume.py::test_dmc_resume_invalidated_when_params_change
tests/test_resume.py::test_dmc_resume_keys_count_smoothing_and_span
tests/test_resume.py::test_resume_from_loads_dmc_into_varm
tests/test_resume.py::test_completed_stages_lists_recorded_stages
tests/test_scan_permutation_denominator.py::test_empty_scans_are_valid_null_outcomes_and_no_double_adjustment
tests/test_scan_permutation_denominator.py::test_all_empty_scans_retain_monte_carlo_resolution
tests/test_scan_permutation_denominator.py::test_failed_scan_does_not_become_an_empty_scan
tests/test_scan_permutation_denominator.py::test_discrete_uniform_null_rank_controls_complete_null_error
tests/test_smoothed_dmc.py::test_dmc_use_smoothed_without_pp_smooth_raises
tests/test_smoothed_dmc.py::test_dmc_use_smoothed_writes_separate_key
tests/test_smoothed_dmc.py::test_dmc_use_smoothed_with_gaussian_smoother
tests/test_smoothed_dmc.py::test_pseudo_count_store_preserves_coverage
tests/test_smoothed_dmc.py::test_pseudo_count_store_uses_smoothed_beta
tests/test_smoothed_dmc.py::test_pseudo_count_store_falls_back_to_raw_on_nan
tests/test_smoothed_dmc.py::test_dmc_use_smoothed_with_empirical_fdr
tests/test_stats_new.py::test_shrink_meth_diff_pulls_low_information_toward_zero
tests/test_stats_new.py::test_shrink_meth_diff_handles_no_signal
tests/test_stats_new.py::test_shrink_meth_diff_rejects_missing_columns
tests/test_stats_new.py::test_shrink_meth_diff_real_dmc_table
tests/test_stats_new.py::test_impute_knn_beta_fills_gaps_in_a_smooth_signal
tests/test_stats_new.py::test_impute_knn_beta_respects_max_distance
tests/test_stats_new.py::test_impute_knn_beta_validates_inputs
tests/test_stats_new.py::test_impute_knn_anndata_per_chromosome_smoke
tests/test_stats_new.py::test_age_clock_recovers_known_age_from_synthetic_data
tests/test_stats_new.py::test_age_clock_horvath_transform_branches
tests/test_stats_new.py::test_deconvolve_runs_and_returns_long_format
tests/test_stats_new.py::test_deconvolve_unknown_method_errors
tests/test_stats_new.py::test_dmc_emits_meth_diff_ci_columns[lr]
tests/test_stats_new.py::test_dmc_emits_meth_diff_ci_columns[welch_t]
tests/test_stats_new.py::test_bb_lr_is_removed
tests/test_tile_permutation_qfilter.py::test_tile_region_fdr_uses_observed_postfilter[None-1.0]
tests/test_tile_permutation_qfilter.py::test_tile_region_fdr_uses_observed_postfilter[0.01-0.0]
tests/test_tile_permutation_qfilter.py::test_tile_region_fdr_uses_observed_postfilter[0.05-1.0]
tests/test_tile_permutation_qfilter.py::test_cli_passes_tile_postfilter_to_permutations
tests/test_viz_new.py::test_karyogram_basic
tests/test_viz_new.py::test_karyogram_log10_qvalue_autocomputes
tests/test_viz_new.py::test_karyogram_only_significant
tests/test_viz_new.py::test_dmr_overlap_venn_2_sets
tests/test_viz_new.py::test_dmr_overlap_upset_3_sets
tests/test_viz_new.py::test_dmr_overlap_too_few_sets_errors
tests/test_viz_new.py::test_dmr_overlap_too_many_sets_errors
tests/test_viz_new.py::test_gene_body_metaplot_runs
tests/test_viz_new.py::test_pl_umap_returns_axes_or_skips
tests/test_viz_new.py::test_pl_sample_correlation_renders
tests/test_viz_new.py::test_pl_qc_dashboard_renders
tests/test_viz_new.py::test_pl_dmr_boxplot_needs_dmr
tests/test_viz_new.py::test_tss_metaplot_smoke
tests/test_viz_new.py::test_tss_metaplot_no_group
tests/test_welch_ci_t_quantile.py::test_welch_ci_uses_t_quantile_when_dof_given
tests/test_welch_ci_t_quantile.py::test_welch_ci_t_half_width_matches_test_critical_value
tests/test_welch_ci_t_quantile.py::test_welch_ci_default_is_legacy_normal
tests/test_welch_ci_t_quantile.py::test_welch_ci_large_dof_approaches_normal

=========================== short test summary info ============================
SKIPPED [1] ../epykit-calibration-fresh_20261007/tests/test_asm.py:25: pysam required for ASM tests.
SKIPPED [1] ../epykit-calibration-fresh_20261007/tests/test_bam_io.py:20: pysam required for BAM ingestion tests (Linux/macOS only).
SKIPPED [1] ../epykit-calibration-fresh_20261007/tests/test_entropy.py:19: pysam required for entropy tests.
SKIPPED [1] ../epykit-calibration-fresh_20261007/tests/test_glm_gpu.py:22: CuPy required for GPU IRLS parity tests
SKIPPED [1] ../epykit-calibration-fresh_20261007/tests/test_strand_inference.py:23: could not import 'pyfaidx': No module named 'pyfaidx'
820 tests collected in 1.02s
