.......................................................................  [100%]
=============================== warnings summary ===============================
tests/test_beta_binomial_engine.py::test_public_count_engine_runs_and_reports_its_model
  /scratch/epykit-calibration-fresh_20261007/tests/test_beta_binomial_engine.py:13: FutureWarning: The 'log2_odds_ratio' column is deprecated and is slated for removal in a future major release. Use 'log2_odds_ratio_pooled' for pooled-count tests (lr, fisher) or 'coef_treatment_log2' for the glm backend, or log2_odds_ratio_bb for the beta_binomial engine. The transitional column is NaN-filled.
    ep.tl.dmc(md,test='beta_binomial',beta_binomial_ci=False,tsv=False)

tests/test_beta_binomial_engine.py::test_profile_interval_setting_invalidates_count_engine_cache
  /scratch/epykit-calibration-fresh_20261007/tests/test_beta_binomial_engine.py:51: FutureWarning: The 'log2_odds_ratio' column is deprecated and is slated for removal in a future major release. Use 'log2_odds_ratio_pooled' for pooled-count tests (lr, fisher) or 'coef_treatment_log2' for the glm backend, or log2_odds_ratio_bb for the beta_binomial engine. The transitional column is NaN-filled.
    ep.tl.dmc(md,test='beta_binomial',beta_binomial_ci=False,tsv=False)

tests/test_beta_binomial_engine.py::test_profile_interval_setting_invalidates_count_engine_cache
  /scratch/epykit-calibration-fresh_20261007/tests/test_beta_binomial_engine.py:53: FutureWarning: The 'log2_odds_ratio' column is deprecated and is slated for removal in a future major release. Use 'log2_odds_ratio_pooled' for pooled-count tests (lr, fisher) or 'coef_treatment_log2' for the glm backend, or log2_odds_ratio_bb for the beta_binomial engine. The transitional column is NaN-filled.
    ep.tl.dmc(md,test='beta_binomial',beta_binomial_ci=True,tsv=False)

tests/test_stats_new.py::test_shrink_meth_diff_real_dmc_table
  /scratch/epykit-calibration-fresh_20261007/tests/test_stats_new.py:87: FutureWarning: The 'log2_odds_ratio' column is deprecated and is slated for removal in a future major release. Use 'log2_odds_ratio_pooled' for pooled-count tests (lr, fisher) or 'coef_treatment_log2' for the glm backend, or log2_odds_ratio_bb for the beta_binomial engine. The transitional column is NaN-filled.
    ep.tl.dmc(synth_md_filtered, test="lr")

tests/test_stats_new.py::test_dmc_emits_meth_diff_ci_columns[lr]
tests/test_stats_new.py::test_dmc_emits_meth_diff_ci_columns[welch_t]
  /scratch/epykit-calibration-fresh_20261007/tests/test_stats_new.py:319: FutureWarning: The 'log2_odds_ratio' column is deprecated and is slated for removal in a future major release. Use 'log2_odds_ratio_pooled' for pooled-count tests (lr, fisher) or 'coef_treatment_log2' for the glm backend, or log2_odds_ratio_bb for the beta_binomial engine. The transitional column is NaN-filled.
    ep.tl.dmc(md, test=test)

tests/test_dmc_metadata.py::test_main_path_writes_canonical_record
  /scratch/epykit-calibration-fresh_20261007/tests/test_dmc_metadata.py:149: FutureWarning: The 'log2_odds_ratio' column is deprecated and is slated for removal in a future major release. Use 'log2_odds_ratio_pooled' for pooled-count tests (lr, fisher) or 'coef_treatment_log2' for the glm backend, or log2_odds_ratio_bb for the beta_binomial engine. The transitional column is NaN-filled.
    ep.tl.dmc(md, test="lr", tsv=False)

tests/test_dmc_metadata.py::test_resume_hit_path_writes_canonical_record
  /scratch/epykit-calibration-fresh_20261007/tests/test_dmc_metadata.py:169: FutureWarning: The 'log2_odds_ratio' column is deprecated and is slated for removal in a future major release. Use 'log2_odds_ratio_pooled' for pooled-count tests (lr, fisher) or 'coef_treatment_log2' for the glm backend, or log2_odds_ratio_bb for the beta_binomial engine. The transitional column is NaN-filled.
    ep.tl.dmc(md, test="lr", resumable=True, tsv=False)

tests/test_dmc_metadata.py::test_resume_hit_path_writes_canonical_record
  /scratch/epykit-calibration-fresh_20261007/tests/test_dmc_metadata.py:172: FutureWarning: The 'log2_odds_ratio' column is deprecated and is slated for removal in a future major release. Use 'log2_odds_ratio_pooled' for pooled-count tests (lr, fisher) or 'coef_treatment_log2' for the glm backend, or log2_odds_ratio_bb for the beta_binomial engine. The transitional column is NaN-filled.
    ep.tl.dmc(md, test="lr", resumable=True, tsv=False)

tests/test_dmc_metadata.py::test_contrast_path_writes_canonical_record
  /scratch/epykit-calibration-fresh_20261007/tests/test_dmc_metadata.py:211: FutureWarning: The 'log2_odds_ratio' column is deprecated and is slated for removal in a future major release. Use 'log2_odds_ratio_pooled' for pooled-count tests (lr, fisher) or 'coef_treatment_log2' for the glm backend, or log2_odds_ratio_bb for the beta_binomial engine. The transitional column is NaN-filled.
    ep.tl.dmc(md, formula="~ group", contrast="group", tsv=False)

tests/test_dmc_metadata.py::test_contrast_path_ignores_power_stack_with_a_notice
  /scratch/epykit-calibration-fresh_20261007/tests/test_dmc_metadata.py:270: FutureWarning: The 'log2_odds_ratio' column is deprecated and is slated for removal in a future major release. Use 'log2_odds_ratio_pooled' for pooled-count tests (lr, fisher) or 'coef_treatment_log2' for the glm backend, or log2_odds_ratio_bb for the beta_binomial engine. The transitional column is NaN-filled.
    ep.tl.dmc(md, formula="~ group", contrast="group", tsv=False)

tests/test_dmc_metadata.py::test_contrast_path_ignores_power_stack_with_a_notice
  /scratch/epykit-calibration-fresh_20261007/tests/test_dmc_metadata.py:275: FutureWarning: The 'log2_odds_ratio' column is deprecated and is slated for removal in a future major release. Use 'log2_odds_ratio_pooled' for pooled-count tests (lr, fisher) or 'coef_treatment_log2' for the glm backend, or log2_odds_ratio_bb for the beta_binomial engine. The transitional column is NaN-filled.
    ep.tl.dmc(md, formula="~ group", contrast="group", power_stack="lr+", tsv=False)

tests/test_dmc_metadata.py::test_engine_emits_canonical_columns[lr-kwargs0]
tests/test_dmc_metadata.py::test_engine_emits_canonical_columns[welch_t-kwargs1]
tests/test_dmc_metadata.py::test_engine_emits_canonical_columns[glm-kwargs2]
  /scratch/epykit-calibration-fresh_20261007/tests/test_dmc_metadata.py:329: FutureWarning: The 'log2_odds_ratio' column is deprecated and is slated for removal in a future major release. Use 'log2_odds_ratio_pooled' for pooled-count tests (lr, fisher) or 'coef_treatment_log2' for the glm backend, or log2_odds_ratio_bb for the beta_binomial engine. The transitional column is NaN-filled.
    ep.tl.dmc(md, test=engine, tsv=False, **kwargs)

tests/test_dmc_metadata.py::test_fisher_emits_canonical_columns
  /scratch/epykit-calibration-fresh_20261007/tests/test_dmc_metadata.py:335: UserWarning: test='fisher' ignores between-replicate variance; p-values are anti-conservative. Prefer test='lr' at n >= 2.
    ep.tl.dmc(md_n1, test="fisher", allow_n1=True, tsv=False)

tests/test_dmc_metadata.py::test_fisher_emits_canonical_columns
  /scratch/epykit-calibration-fresh_20261007/tests/test_dmc_metadata.py:335: FutureWarning: The 'log2_odds_ratio' column is deprecated and is slated for removal in a future major release. Use 'log2_odds_ratio_pooled' for pooled-count tests (lr, fisher) or 'coef_treatment_log2' for the glm backend, or log2_odds_ratio_bb for the beta_binomial engine. The transitional column is NaN-filled.
    ep.tl.dmc(md_n1, test="fisher", allow_n1=True, tsv=False)

-- Docs: https://docs.pytest.org/en/stable/how-to/capture-warnings.html
71 passed, 17 warnings in 128.99s (0:02:08)
